01700000-0170ffff : 2c00000.memory-controller ch8
01710000-0171ffff : 2c00000.memory-controller ch9
01720000-0172ffff : 2c00000.memory-controller ch10
01730000-0173ffff : 2c00000.memory-controller ch11
01740000-0174ffff : 2c00000.memory-controller ch12
01750000-0175ffff : 2c00000.memory-controller ch13
01760000-0176ffff : 2c00000.memory-controller ch14
01770000-0177ffff : 2c00000.memory-controller ch15
02080000-021a0fff : 2080000.timer timer@2080000
02200000-0220ffff : 2200000.gpio security
02210000-0221ffff : 2200000.gpio gpio
0242c000-0242cffe : nvidia
02430000-024490ff : 2430000.pinmux pinmux@2430000
02600000-0280ffff : 2600000.dma-controller dma-controller@2600000
02900800-02900fff : 2900800.ahub ahub@2900800
02901000-029010ff : 2901000.i2s i2s@2901000
02901100-029011ff : 2901100.i2s i2s@2901100
02901200-029012ff : 2901200.i2s i2s@2901200
02901300-029013ff : 2901300.i2s i2s@2901300
02901400-029014ff : 2901400.i2s i2s@2901400
02901500-029015ff : 2901500.i2s i2s@2901500
02902000-029021ff : 2902000.sfc sfc@2902000
02902200-029023ff : 2902200.sfc sfc@2902200
02902400-029025ff : 2902400.sfc sfc@2902400
02902600-029027ff : 2902600.sfc sfc@2902600
02903000-029030ff : 2903000.amx amx@2903000
02903100-029031ff : 2903100.amx amx@2903100
02903200-029032ff : 2903200.amx amx@2903200
02903300-029033ff : 2903300.amx amx@2903300
02903800-029038ff : 2903800.adx adx@2903800
02903900-029039ff : 2903900.adx adx@2903900
02903a00-02903aff : 2903a00.adx adx@2903a00
02903b00-02903bff : 2903b00.adx adx@2903b00
02904000-029040ff : 2904000.dmic dmic@2904000
02904100-029041ff : 2904100.dmic dmic@2904100
02904200-029042ff : 2904200.dmic dmic@2904200
02904300-029043ff : 2904300.dmic dmic@2904300
02905000-029050ff : 2905000.dspk dspk@2905000
02905100-029051ff : 2905100.dspk dspk@2905100
02907000-029070ff : 2907000.afc afc@2907000
02907100-029071ff : 2907100.afc afc@2907100
02907200-029072ff : 2907200.afc afc@2907200
02907300-029073ff : 2907300.afc afc@2907300
02907400-029074ff : 2907400.afc afc@2907400
02907500-029075ff : 2907500.afc afc@2907500
02908000-029080ff : 2908000.processing-engine processing-engine@2908000
02908100-029081ff : 2908000.processing-engine equalizer@2908100
02908200-029083ff : 2908000.processing-engine dynamic-range-compressor@2908200
0290a000-0290a1ff : 290a000.mvc mvc@290a000
0290a200-0290a3ff : 290a200.mvc mvc@290a200
0290bb00-0290c2ff : 290bb00.amixer amixer@290bb00
0290e400-0290e7ff : 290e400.arad arad@290e400
0290f000-0290ffff : 290f000.admaif admaif@290f000
02910000-02911fff : 2910000.asrc asrc@2910000
02930000-0294ffff : 2930000.dma-controller dma-controller@2930000
02b80000-02b8ffff : 2c00000.memory-controller ch4
02b90000-02b9ffff : 2c00000.memory-controller ch5
02ba0000-02baffff : 2c00000.memory-controller ch6
02bb0000-02bbffff : 2c00000.memory-controller ch7
02c00000-02c0ffff : 2c00000.memory-controller sid
02c10000-02c1ffff : 2c00000.memory-controller broadcast
02c20000-02c2ffff : 2c00000.memory-controller ch0
02c30000-02c3ffff : 2c00000.memory-controller ch1
02c40000-02c4ffff : 2c00000.memory-controller ch2
02c50000-02c5ffff : 2c00000.memory-controller ch3
03100000-0310ffff : 3100000.serial serial@3100000
03110000-0311ffff : 3110000.serial serial@3110000
03160000-031600ff : 3160000.i2c i2c@3160000
03180000-031800ff : 3180000.i2c i2c@3180000
03190000-031900ff : 3190000.i2c i2c@3190000
031b0000-031b00ff : 31b0000.i2c i2c@31b0000
031c0000-031c00ff : 31c0000.i2c i2c@31c0000
031d0000-031dffff : 31d0000.serial serial@31d0000
031e0000-031e00ff : 31e0000.i2c i2c@31e0000
03210000-03210fff : 3210000.spi spi@3210000
03230000-03230fff : 3230000.spi spi@3230000
03280000-0328ffff : 3280000.pwm pwm@3280000
032a0000-032affff : 32a0000.pwm pwm@32a0000
032c0000-032cffff : 32c0000.pwm pwm@32c0000
032f0000-032fffff : 32f0000.pwm pwm@32f0000
03400000-0341ffff : 3400000.mmc mmc@3400000
03460000-0347ffff : 3460000.mmc mmc@3460000
03510000-0351ffff : 3510000.hda hda@3510000
03520000-0353ffff : 3520000.padctl padctl
03540000-0354ffff : 3520000.padctl ao
03550000-03557fff : 3550000.usb base
03558000-0355ffff : 3550000.usb fpci
03600000-0360ffff : 3610000.usb fpci
03610000-0364ffff : 3610000.usb hcd
03650000-0365ffff : 3610000.usb bar2
03810000-0381ffff : 3810000.fuse fuse@3810000
03990000-0399fffe : nvidia
039c0000-039c000f : 39c0000.tachometer tachometer@39c0000
03c00000-03c9ffff : 3c00000.hsp hsp@3c00000
03d00000-03d9ffff : 3d00000.hsp hsp@3d00000
03e00000-03e0ffff : 3e00000.phy ctl
03e10000-03e1ffff : 3e10000.phy ctl
03e20000-03e2ffff : 3e20000.phy ctl
03e30000-03e3ffff : 3e30000.phy ctl
03e40000-03e4ffff : 3e40000.phy ctl
03e50000-03e5ffff : 3e50000.phy ctl
03e60000-03e6ffff : 3e60000.phy ctl
03e70000-03e7ffff : 3e70000.phy ctl
03e90000-03e9ffff : 3e90000.phy ctl
03ea0000-03eaffff : 3ea0000.phy ctl
03eb0000-03ebffff : 3eb0000.phy ctl
03ec0000-03ecffff : 3ec0000.phy ctl
03ed0000-03edffff : 3ed0000.phy ctl
03ee0000-03eeffff : 3ee0000.phy ctl
03ef0000-03efffff : 3ef0000.phy ctl
03f00000-03f0ffff : 3f00000.phy ctl
03f20000-03f2ffff : 3f20000.phy ctl
03f30000-03f3ffff : 3f30000.phy ctl
03f40000-03f4ffff : 3f40000.phy ctl
03f50000-03f5ffff : 3f50000.phy ctl
03f60000-03f6ffff : 3f60000.phy ctl
03f70000-03f7ffff : 3f70000.phy ctl
03f80000-03f8ffff : 3f80000.phy ctl
03f90000-03f9ffff : 3f90000.phy ctl
06800000-0680ffff : 6800000.ethernet hypervisor
06810000-0681ffff : 6800000.ethernet mac
068a0000-068affff : 6800000.ethernet xpcs
068d0000-068dffff : 6800000.ethernet macsec-base
07000000-07ffffff : 8000000.iommu iommu@8000000
08000000-08ffffff : 8000000.iommu iommu@8000000
0b950000-0b9dffff : b950000.tegra-hsp tegra-hsp@b950000
0b9f0000-0ba2ffff : bc00000.rtcpu rce-pm
0be00000-0be3ffff : be00000.rce-fabric rce-fabric@be00000
0c150000-0c1dffff : c150000.hsp hsp@c150000
0c1e0000-0c1effff : c1e0000.hardware-timestamp hardware-timestamp@c1e0000
0c240000-0c2400ff : c240000.i2c i2c@c240000
0c250000-0c2500ff : c250000.i2c i2c@c250000
0c2a0000-0c2affff : c2a0000.rtc rtc@c2a0000
0c2f0000-0c2f0fff : c2f0000.gpio security
0c2f1000-0c2f1fff : c2f0000.gpio gpio
0c300000-0c303fff : c300000.pinmux pinmux@c300000
0c310000-0c310143 : c310000.mttcan can-regs
0c311000-0c311031 : c310000.mttcan glue-regs
0c312000-0c312fff : c310000.mttcan msg-ram
0c320000-0c320143 : c320000.mttcan can-regs
0c321000-0c321031 : c320000.mttcan glue-regs
0c322000-0c322fff : c320000.mttcan msg-ram
0c360000-0c36ffff : c360000.pmc pmc
0c370000-0c37ffff : c360000.pmc wake
0c380000-0c38ffff : c360000.pmc aotag
0c390000-0c39ffff : c360000.pmc scratch
0c600000-0c63ffff : c600000.aon-fabric aon-fabric@c600000
0d230000-0d230fff : d230000.actmon actmon@d230000
0d600000-0d63ffff : d600000.bpmp-fabric bpmp-fabric@d600000
0de00000-0de3ffff : de00000.dce-fabric dce-fabric@de00000
0e000000-0e05fffe : e000000.ccplex ccplex@e000000
0e100000-0e10ffff : e100000.tegra_mce tegra_mce@e100000
0e110000-0e11ffff : e100000.tegra_mce tegra_mce@e100000
0e120000-0e12ffff : e100000.tegra_mce tegra_mce@e100000
0e130000-0e13ffff : e100000.tegra_mce tegra_mce@e100000
0e140000-0e14ffff : e100000.tegra_mce tegra_mce@e100000
0e150000-0e15ffff : e100000.tegra_mce tegra_mce@e100000
0e160000-0e16ffff : e100000.tegra_mce tegra_mce@e100000
0e170000-0e17ffff : e100000.tegra_mce tegra_mce@e100000
0e180000-0e18ffff : e100000.tegra_mce tegra_mce@e100000
0e190000-0e19ffff : e100000.tegra_mce tegra_mce@e100000
0e1a0000-0e1affff : e100000.tegra_mce tegra_mce@e100000
0e1b0000-0e1bffff : e100000.tegra_mce tegra_mce@e100000
10000000-10ffffff : 10000000.iommu iommu@10000000
11000000-11ffffff : 12000000.iommu iommu@12000000
12000000-12ffffff : 12000000.iommu iommu@12000000
13800000-138efffd : nvidia
13a00000-13dfffff : 13a00000.cbb-fabric cbb-fabric@13a00000
13e00000-13e0ffff : 13e00000.host1x common
13e10000-13e1ffff : 13e00000.host1x hypervisor
13e40000-13e4ffff : 13e00000.host1x vm
13ef0000-13f4ffff : 13e00000.host1x actmon
14100000-1411ffff : 14100000.pcie appl
14160000-1417ffff : 14160000.pcie appl
141a0000-141bffff : 141a0000.pcie appl
14800000-1480ffff : 14800000.isp isp@14800000
15340000-1537ffff : 15340000.vic vic@15340000
15380000-153bffff : 15380000.nvjpg nvjpg@15380000
15480000-154bffff : 15480000.nvdec nvdec@15480000
154c0000-154fffff : 154c0000.nvenc nvenc@154c0000
15500000-1553ffff : 15500000.tsec tsec@15500000
15540000-1557ffff : 15540000.nvjpg nvjpg@15540000
155c0000-155cfffd : nvidia
15820000-1582ffff : 15820000.crypto crypto@15820000
15840000-1584ffff : 15840000.crypto crypto@15840000
15880000-158bffff : 15880000.nvdla0 nvdla0@15880000
158c0000-158fffff : 158c0000.nvdla1 nvdla1@158c0000
15a50000-15a8ffff : 15a50000.ofa ofa@15a50000
16000000-167fffff : 16000000.pva0 pva0@16000000
17000000-17ffffff : 17000000.gpu gpu@17000000
18000000-18ffffff : 17000000.gpu gpu@17000000
24700000-2477ffff : 16000000.pva0 pva0@16000000
30000000-3003ffff : 14100000.pcie config
30040000-3007ffff : 14100000.pcie atu_dma
30080000-300bffff : 14100000.pcie dbi
36000000-3603ffff : 14160000.pcie config
36040000-3607ffff : 14160000.pcie atu_dma
36080000-360bffff : 14160000.pcie dbi
3a000000-3a03ffff : 141a0000.pcie config
3a040000-3a07ffff : 141a0000.pcie atu_dma
3a080000-3a0bffff : 141a0000.pcie dbi
40070000-40070fff : 40000000.sram sram@70000
40071000-40071fff : 40000000.sram sram@71000
80000000-fffdffff : System RAM
  fbfe0000-fffdffff : reserved
fffe0000-ffffffff : reserved
100000000-10189e2fff : System RAM
  524bd0000-52695ffff : Kernel code
  526960000-5270dffff : reserved
  5270e0000-52756ffff : Kernel data
  fb5200000-1013ffffff : reserved
  1014ee0000-1014f2bfff : reserved
  10150e0000-1016011fff : reserved
10189e3000-1018b5ffff : reserved
  1018b50000-1018b50fff : reserved
1018b60000-1018b6afff : System RAM
  1018b66000-1018b66fff : reserved
  1018b68000-1018b69fff : reserved
  1018b6a000-1018b6afff : reserved
1018b6b000-1018b6bfff : reserved
1018b6c000-102604ffff : System RAM
  101b867000-1021867fff : reserved
  10218fa000-10218fafff : reserved
  1022adc000-1022b9bfff : reserved
  1022b9c000-1022b9cfff : reserved
  1022b9d000-1022cf8fff : reserved
  1022cfb000-1022cfdfff : reserved
  1022cfe000-1022d02fff : reserved
  1022d03000-1022d18fff : reserved
  1022d19000-102604ffff : reserved
1026050000-1027f8ffff : reserved
1027f90000-102c5fffff : System RAM
  1027f90000-102c5fffff : reserved
102c600000-102c7fffff : reserved
102c800000-102cd6ffff : System RAM
  102c800000-102cd6ffff : reserved
102d700000-102d7fffff : reserved
1032000000-1033ffffff : reserved
2080000000-20a7ffffff : pcie@14100000
20a8000000-20afffffff : pcie@14100000
  20a8000000-20a80fffff : PCI Bus 0001:01
    20a8000000-20a800ffff : 0001:01:00.0
      20a8000000-20a800ffff : rtl88x2ce
2140000000-2427ffffff : pcie@14160000
2428000000-242fffffff : pcie@14160000
  2428000000-24280fffff : PCI Bus 0004:01
    2428000000-2428003fff : 0004:01:00.0
      2428000000-2428003fff : nvme
